// Jest Snapshot v1, https://goo.gl/fbAQLP

exports[`Should render the Expense Dashboard Page 1`] = `
<div>
  Dashboard page content
</div>
`;
